┏━━━━━━━━━━━━━━━━━━━━━━┳━━━━━━━━━━┳━━━━━━━━━━┳━━━━━━━━━━┳━━━━━━━━━━┳━━━━━━━━━━━┳━━━━━━━━━━┳━━━━━━━━━━━┳━━━━━━━━━━┳━━━━━━━━━━━┳━━━━━━━━━━┳━━━━━━━━━━━┳━━━━━━━━━━┓
┃                      ┃ Hold     ┃ Reg to   ┃          ┃          ┃ of which  ┃ Setup    ┃           ┃          ┃           ┃ of which ┃           ┃          ┃
┃                      ┃ Worst    ┃ Reg      ┃          ┃ Hold Vio ┃ reg to    ┃ Worst    ┃ Reg to    ┃ Setup    ┃ Setup Vio ┃ reg to   ┃ Max Cap   ┃ Max Slew ┃
┃ Corner/Group         ┃ Slack    ┃ Paths    ┃ Hold TNS ┃ Count    ┃ reg       ┃ Slack    ┃ Reg Paths ┃ TNS      ┃ Count     ┃ reg      ┃ Violatio… ┃ Violati… ┃
┡━━━━━━━━━━━━━━━━━━━━━━╇━━━━━━━━━━╇━━━━━━━━━━╇━━━━━━━━━━╇━━━━━━━━━━╇━━━━━━━━━━━╇━━━━━━━━━━╇━━━━━━━━━━━╇━━━━━━━━━━╇━━━━━━━━━━━╇━━━━━━━━━━╇━━━━━━━━━━━╇━━━━━━━━━━┩
│ Overall              │ 0.1088   │ 0.1088   │ 0.0000   │ 0        │ 0         │ -0.9157  │ 0.4871    │ -8.6349  │ 39        │ 0        │ 0         │ 26       │
│ nom_tt_025C_1v80     │ 0.3157   │ 0.3157   │ 0.0000   │ 0        │ 0         │ 3.4426   │ 5.3375    │ 0.0000   │ 0         │ 0        │ 0         │ 0        │
│ nom_ss_100C_1v60     │ 0.8803   │ 0.8803   │ 0.0000   │ 0        │ 0         │ -0.7555  │ 0.6101    │ -6.8531  │ 13        │ 0        │ 0         │ 16       │
│ nom_ff_n40C_1v95     │ 0.1103   │ 0.1103   │ 0.0000   │ 0        │ 0         │ 5.1065   │ 7.0987    │ 0.0000   │ 0         │ 0        │ 0         │ 0        │
│ min_tt_025C_1v80     │ 0.3139   │ 0.3139   │ 0.0000   │ 0        │ 0         │ 3.5177   │ 5.4063    │ 0.0000   │ 0         │ 0        │ 0         │ 0        │
│ min_ss_100C_1v60     │ 0.8790   │ 0.8790   │ 0.0000   │ 0        │ 0         │ -0.6164  │ 0.7310    │ -5.2335  │ 13        │ 0        │ 0         │ 16       │
│ min_ff_n40C_1v95     │ 0.1088   │ 0.1088   │ 0.0000   │ 0        │ 0         │ 5.1508   │ 7.1425    │ 0.0000   │ 0         │ 0        │ 0         │ 0        │
│ max_tt_025C_1v80     │ 0.3178   │ 0.3178   │ 0.0000   │ 0        │ 0         │ 3.3610   │ 5.2682    │ 0.0000   │ 0         │ 0        │ 0         │ 0        │
│ max_ss_100C_1v60     │ 0.8836   │ 0.8836   │ 0.0000   │ 0        │ 0         │ -0.9157  │ 0.4871    │ -8.6349  │ 13        │ 0        │ 0         │ 26       │
│ max_ff_n40C_1v95     │ 0.1119   │ 0.1119   │ 0.0000   │ 0        │ 0         │ 5.0475   │ 7.0538    │ 0.0000   │ 0         │ 0        │ 0         │ 0        │
└──────────────────────┴──────────┴──────────┴──────────┴──────────┴───────────┴──────────┴───────────┴──────────┴───────────┴──────────┴───────────┴──────────┘
